<html>
<body>
<pre>
<h1>µVision Build Log</h1>
<h2>Project:</h2>
C:\Keil\Labware\Lab15_VirtualSpaceInvadersV2\SpaceInvaders.uvproj
Project File Date:  08/27/2020

<h2>Output:</h2>
Build target 'SpaceInvaders'
assembling startup.s...
assembling random.s...
compiling SpaceInvaders.c...
SpaceInvaders.c(1660): warning:  #111-D: statement is unreachable
        return 0;
SpaceInvaders.c: 1 warning, 0 errors
compiling TExaS.c...
compiling VirtualNokia5110.c...
compiling Controls.c...
compiling Sound.c...
linking...
Program Size: Code=11896 RO-data=20452 RW-data=128 ZI-data=3936  
".\SpaceInvaders.axf" - 0 Error(s), 1 Warning(s).
Clean started: Project: 'SpaceInvaders'
   deleting intermediate output files for target 'SpaceInvaders'
